// Jest Snapshot v1, https://goo.gl/fbAQLP

exports[`<Intro> renders correctly 1`] = `
Array [
  <p
    className="intro"
  >
    Welcome to Guitarist Amp Settings. This site aims to help guitarists find their favourite artists' amplifier settings with minimal fuss or effort.
  </p>,
  <p
    className="intro"
  >
    Please use the feedback form for any suggestions, improvements or any amp settingscddcsdcsd that you would like to see on the site.
  </p>,
]
`;
